[2026-05-13T18:03:32.682Z] {"timestamp":1778695410606,"level":"DEBUG","args":["[Manus] Debug collector initialized (no rrweb, UI events only)"],"stack":null}
[2026-05-13T18:03:32.683Z] {"timestamp":1778695410639,"level":"DEBUG","args":["[vite] connected."],"stack":null}
[2026-05-13T18:04:46.160Z] {"timestamp":1778695483544,"level":"DEBUG","args":["[Manus] Debug collector initialized (no rrweb, UI events only)"],"stack":null}
[2026-05-13T18:04:46.160Z] {"timestamp":1778695483751,"level":"DEBUG","args":["[vite] connected."],"stack":null}
[2026-05-13T18:05:46.152Z] {"timestamp":1778695543402,"level":"DEBUG","args":["[Manus] Debug collector initialized (no rrweb, UI events only)"],"stack":null}
[2026-05-13T18:05:46.152Z] {"timestamp":1778695543412,"level":"DEBUG","args":["[vite] connected."],"stack":null}
[2026-05-13T18:06:32.662Z] {"timestamp":1778695590646,"level":"DEBUG","args":["[Manus] Debug collector initialized (no rrweb, UI events only)"],"stack":null}
[2026-05-13T18:06:32.662Z] {"timestamp":1778695590664,"level":"DEBUG","args":["[vite] connected."],"stack":null}
[2026-05-13T18:12:41.949Z] {"timestamp":1778695959642,"level":"DEBUG","args":["[Manus] Debug collector initialized (no rrweb, UI events only)"],"stack":null}
[2026-05-13T18:12:41.949Z] {"timestamp":1778695959658,"level":"DEBUG","args":["[vite] connected."],"stack":null}
[2026-05-13T18:13:04.625Z] {"timestamp":1778695982607,"level":"DEBUG","args":["[Manus] Debug collector initialized (no rrweb, UI events only)"],"stack":null}
[2026-05-13T18:13:04.625Z] {"timestamp":1778695982624,"level":"DEBUG","args":["[vite] connected."],"stack":null}
[2026-05-13T18:16:40.960Z] {"timestamp":1778696198944,"level":"DEBUG","args":["[Manus] Debug collector initialized (no rrweb, UI events only)"],"stack":null}
[2026-05-13T18:16:40.961Z] {"timestamp":1778696198964,"level":"DEBUG","args":["[vite] connected."],"stack":null}
[2026-05-13T18:16:40.961Z] {"timestamp":1778696199282,"level":"INFO","args":["%cDownload the React DevTools for a better development experience: https://react.dev/link/react-devtools","font-weight:bold"],"stack":null}
[2026-05-13T18:16:40.961Z] {"timestamp":1778696199499,"level":"ERROR","args":["%o\n\n%s\n\n%s\n",{"type":"Error","message":"Failed to construct 'URL': Invalid URL","stack":"TypeError: Invalid URL\n    at getLoginUrl (http://localhost:3001/src/const.ts:7:15)\n    at useAuth (http://localhost:3001/src/_core/hooks/useAuth.ts:6:61)\n    at Home (http://localhost:3001/src/pages/Home.tsx:125:83)\n    at Object.react_stack_bottom_frame (http://localhost:3001/@fs/C:/Users/corpa/OneDrive/Desktop/Aventos-cri-dashboard/node_modules/.vite/deps/react-dom_client.js?v=d0ef9247:18509:20)\n    at renderWithHooks (http://localhost:3001/@fs/C:/Users/corpa/OneDrive/Desktop/Aventos-cri-dashboard/node_modules/.vite/deps/react-dom_client.js?v=d0ef9247:5654:24)\n    at updateFunctionComponent (http://localhost:3001/@fs/C:/Users/corpa/OneDrive/Desktop/Aventos-cri-dashboard/node_modules/.vite/deps/react-dom_client.js?v=d0ef9247:7475:21)\n    at beginWork (http://localhost:3001/@fs/C:/Users/corpa/OneDrive/Desktop/Aventos-cri-dashboard/node_modules/.vite/deps/react-dom_client.js?v=d0ef9247:8525:20)\n    at runWithFiberInDEV (http://localhost:3001/@fs/C:/Users/corpa/OneDrive/Desktop/Aventos-cri-dashboard/node_modules/.vite/deps/react-dom_client.js?v=d0ef9247:997:72)\n    at performUnitOfWork (http://localhost:3001/@fs/C:/Users/corpa/OneDrive/Desktop/Aventos-cri-dashboard/node_modules/.vite/deps/react-dom_client.js?v=d0ef9247:12561:98)\n    at workLoopSync (http://localhost:3001/@fs/C:/Users/corpa/OneDrive/Desktop/Aventos-cri-dashboard/node_modules/.vite/deps/react-dom_client.js?v=d0ef9247:12424:43)"},"The above error occurred in the <Home> component.","React will try to recreate this component tree from scratch using the error boundary you provided, ErrorBoundary."],"stack":"Error\n    at console.<computed> [as error] (http://localhost:3001/__manus__/debug-collector.js:391:37)\n    at defaultOnCaughtError (http://localhost:3001/@fs/C:/Users/corpa/OneDrive/Desktop/Aventos-cri-dashboard/node_modules/.vite/deps/react-dom_client.js?v=d0ef9247:7001:19)\n    at logCaughtError (http://localhost:3001/@fs/C:/Users/corpa/OneDrive/Desktop/Aventos-cri-dashboard/node_modules/.vite/deps/react-dom_client.js?v=d0ef9247:7033:11)\n    at runWithFiberInDEV (http://localhost:3001/@fs/C:/Users/corpa/OneDrive/Desktop/Aventos-cri-dashboard/node_modules/.vite/deps/react-dom_client.js?v=d0ef9247:997:72)\n    at update.callback (http://localhost:3001/@fs/C:/Users/corpa/OneDrive/Desktop/Aventos-cri-dashboard/node_modules/.vite/deps/react-dom_client.js?v=d0ef9247:7066:13)\n    at callCallback (http://localhost:3001/@fs/C:/Users/corpa/OneDrive/Desktop/Aventos-cri-dashboard/node_modules/.vite/deps/react-dom_client.js?v=d0ef9247:5491:18)\n    at commitCallbacks (http://localhost:3001/@fs/C:/Users/corpa/OneDrive/Desktop/Aventos-cri-dashboard/node_modules/.vite/deps/react-dom_client.js?v=d0ef9247:5503:13)\n    at runWithFiberInDEV (http://localhost:3001/@fs/C:/Users/corpa/OneDrive/Desktop/Aventos-cri-dashboard/node_modules/.vite/deps/react-dom_client.js?v=d0ef9247:997:72)\n    at commitClassCallbacks (http://localhost:3001/@fs/C:/Users/corpa/OneDrive/Desktop/Aventos-cri-dashboard/node_modules/.vite/deps/react-dom_client.js?v=d0ef9247:9490:13)\n    at commitLayoutEffectOnFiber (http://localhost:3001/@fs/C:/Users/corpa/OneDrive/Desktop/Aventos-cri-dashboard/node_modules/.vite/deps/react-dom_client.js?v=d0ef9247:9958:27)"}
[2026-05-13T18:17:06.229Z] {"timestamp":1778696224210,"level":"DEBUG","args":["[Manus] Debug collector initialized (no rrweb, UI events only)"],"stack":null}
[2026-05-13T18:17:06.229Z] {"timestamp":1778696224219,"level":"DEBUG","args":["[vite] connected."],"stack":null}
[2026-05-13T18:17:06.229Z] {"timestamp":1778696224254,"level":"INFO","args":["%cDownload the React DevTools for a better development experience: https://react.dev/link/react-devtools","font-weight:bold"],"stack":null}
[2026-05-13T18:17:06.229Z] {"timestamp":1778696224510,"level":"ERROR","args":["%o\n\n%s\n\n%s\n",{"type":"Error","message":"Failed to construct 'URL': Invalid URL","stack":"TypeError: Invalid URL\n    at getLoginUrl (http://localhost:3001/src/const.ts:7:15)\n    at useAuth (http://localhost:3001/src/_core/hooks/useAuth.ts:6:61)\n    at Home (http://localhost:3001/src/pages/Home.tsx:125:83)\n    at Object.react_stack_bottom_frame (http://localhost:3001/@fs/C:/Users/corpa/OneDrive/Desktop/Aventos-cri-dashboard/node_modules/.vite/deps/react-dom_client.js?v=d0ef9247:18509:20)\n    at renderWithHooks (http://localhost:3001/@fs/C:/Users/corpa/OneDrive/Desktop/Aventos-cri-dashboard/node_modules/.vite/deps/react-dom_client.js?v=d0ef9247:5654:24)\n    at updateFunctionComponent (http://localhost:3001/@fs/C:/Users/corpa/OneDrive/Desktop/Aventos-cri-dashboard/node_modules/.vite/deps/react-dom_client.js?v=d0ef9247:7475:21)\n    at beginWork (http://localhost:3001/@fs/C:/Users/corpa/OneDrive/Desktop/Aventos-cri-dashboard/node_modules/.vite/deps/react-dom_client.js?v=d0ef9247:8525:20)\n    at runWithFiberInDEV (http://localhost:3001/@fs/C:/Users/corpa/OneDrive/Desktop/Aventos-cri-dashboard/node_modules/.vite/deps/react-dom_client.js?v=d0ef9247:997:72)\n    at performUnitOfWork (http://localhost:3001/@fs/C:/Users/corpa/OneDrive/Desktop/Aventos-cri-dashboard/node_modules/.vite/deps/react-dom_client.js?v=d0ef9247:12561:98)\n    at workLoopSync (http://localhost:3001/@fs/C:/Users/corpa/OneDrive/Desktop/Aventos-cri-dashboard/node_modules/.vite/deps/react-dom_client.js?v=d0ef9247:12424:43)"},"The above error occurred in the <Home> component.","React will try to recreate this component tree from scratch using the error boundary you provided, ErrorBoundary."],"stack":"Error\n    at console.<computed> [as error] (http://localhost:3001/__manus__/debug-collector.js:391:37)\n    at defaultOnCaughtError (http://localhost:3001/@fs/C:/Users/corpa/OneDrive/Desktop/Aventos-cri-dashboard/node_modules/.vite/deps/react-dom_client.js?v=d0ef9247:7001:19)\n    at logCaughtError (http://localhost:3001/@fs/C:/Users/corpa/OneDrive/Desktop/Aventos-cri-dashboard/node_modules/.vite/deps/react-dom_client.js?v=d0ef9247:7033:11)\n    at runWithFiberInDEV (http://localhost:3001/@fs/C:/Users/corpa/OneDrive/Desktop/Aventos-cri-dashboard/node_modules/.vite/deps/react-dom_client.js?v=d0ef9247:997:72)\n    at update.callback (http://localhost:3001/@fs/C:/Users/corpa/OneDrive/Desktop/Aventos-cri-dashboard/node_modules/.vite/deps/react-dom_client.js?v=d0ef9247:7066:13)\n    at callCallback (http://localhost:3001/@fs/C:/Users/corpa/OneDrive/Desktop/Aventos-cri-dashboard/node_modules/.vite/deps/react-dom_client.js?v=d0ef9247:5491:18)\n    at commitCallbacks (http://localhost:3001/@fs/C:/Users/corpa/OneDrive/Desktop/Aventos-cri-dashboard/node_modules/.vite/deps/react-dom_client.js?v=d0ef9247:5503:13)\n    at runWithFiberInDEV (http://localhost:3001/@fs/C:/Users/corpa/OneDrive/Desktop/Aventos-cri-dashboard/node_modules/.vite/deps/react-dom_client.js?v=d0ef9247:997:72)\n    at commitClassCallbacks (http://localhost:3001/@fs/C:/Users/corpa/OneDrive/Desktop/Aventos-cri-dashboard/node_modules/.vite/deps/react-dom_client.js?v=d0ef9247:9490:13)\n    at commitLayoutEffectOnFiber (http://localhost:3001/@fs/C:/Users/corpa/OneDrive/Desktop/Aventos-cri-dashboard/node_modules/.vite/deps/react-dom_client.js?v=d0ef9247:9958:27)"}
[2026-05-13T18:20:19.139Z] {"timestamp":1778696416484,"level":"DEBUG","args":["[Manus] Debug collector initialized (no rrweb, UI events only)"],"stack":null}
[2026-05-13T18:20:19.139Z] {"timestamp":1778696416493,"level":"DEBUG","args":["[vite] connected."],"stack":null}
[2026-05-13T18:20:19.139Z] {"timestamp":1778696416737,"level":"INFO","args":["%cDownload the React DevTools for a better development experience: https://react.dev/link/react-devtools","font-weight:bold"],"stack":null}
[2026-05-13T18:38:06.498Z] {"timestamp":1778697485194,"level":"DEBUG","args":["[vite]","hot updated: /src/pages/Home.tsx"],"stack":null}
[2026-05-13T18:38:06.498Z] {"timestamp":1778697485197,"level":"DEBUG","args":["[vite]","hot updated: /src/index.css"],"stack":null}
[2026-05-13T18:38:06.498Z] {"timestamp":1778697485239,"level":"ERROR","args":["React has detected a change in the order of Hooks called by %s. This will lead to bugs and errors if not fixed. For more information, read the Rules of Hooks: https://react.dev/link/rules-of-hooks\n\n   Previous render            Next render\n   ------------------------------------------------------\n%s   ^^^^^^^^^^^^^^^^^^^^^^^^^^^^^^^^^^^^^^^^^^^^^^^^^^^^^^\n","Home","1. useContext                 useContext\n2. useMemo                    useMemo\n3. useContext                 useContext\n4. useContext                 useContext\n5. useContext                 useContext\n6. useContext                 useContext\n7. useContext                 useContext\n8. useEffect                  useEffect\n9. useState                   useState\n10. useCallback               useCallback\n11. useSyncExternalStore      useSyncExternalStore\n12. useEffect                 useEffect\n13. useMemo                   useMemo\n14. useContext                useContext\n15. useContext                useContext\n16. useState                  useState\n17. useEffect                 useEffect\n18. useCallback               useCallback\n19. useSyncExternalStore      useSyncExternalStore\n20. useCallback               useCallback\n21. useMemo                   useMemo\n22. useCallback               useCallback\n23. useMemo                   useMemo\n24. useEffect                 useEffect\n25. useState                  useState\n26. useState                  useState\n27. useState                  useState\n28. useContext                useContext\n29. useContext                useContext\n30. useContext                useContext\n31. useContext                useContext\n32. useContext                useContext\n33. useEffect                 useEffect\n34. useState                  useState\n35. useCallback               useCallback\n36. useSyncExternalStore      useSyncExternalStore\n37. useEffect                 useEffect\n38. useMemo                   useMemo\n39. useContext                useContext\n40. useContext                useContext\n41. useContext                useContext\n42. useContext                useContext\n43. useContext                useContext\n44. useEffect                 useEffect\n45. useState                  useState\n46. useCallback               useCallback\n47. useSyncExternalStore      useSyncExternalStore\n48. useEffect                 useEffect\n49. useMemo                   useMemo\n50. useContext                useContext\n51. useContext                useContext\n52. useContext                useContext\n53. useContext                useContext\n54. useContext                useContext\n55. useEffect                 useEffect\n56. useState                  useState\n57. useCallback               useCallback\n58. useSyncExternalStore      useSyncExternalStore\n59. useEffect                 useEffect\n60. useMemo                   useMemo\n61. useContext                useContext\n62. useContext                useContext\n63. useContext                useContext\n64. useContext                useContext\n65. useContext                useContext\n66. useEffect                 useEffect\n67. useState                  useState\n68. useCallback               useCallback\n69. useSyncExternalStore      useSyncExternalStore\n70. useEffect                 useEffect\n71. useMemo                   useMemo\n72. useEffect                 useContext\n"],"stack":"Error\n    at console.<computed> [as error] (http://localhost:3001/__manus__/debug-collector.js:391:37)\n    at updateHookTypesDev (http://localhost:3001/@fs/C:/Users/corpa/OneDrive/Desktop/Aventos-cri-dashboard/node_modules/.vite/deps/react-dom_client.js?v=d0ef9247:5594:21)\n    at Object.useContext (http://localhost:3001/@fs/C:/Users/corpa/OneDrive/Desktop/Aventos-cri-dashboard/node_modules/.vite/deps/react-dom_client.js?v=d0ef9247:18940:11)\n    at exports.useContext (http://localhost:3001/@fs/C:/Users/corpa/OneDrive/Desktop/Aventos-cri-dashboard/node_modules/.vite/deps/chunk-EMAOOZFV.js?v=d0ef9247:911:27)\n    at useContext2 (http://localhost:3001/@fs/C:/Users/corpa/OneDrive/Desktop/Aventos-cri-dashboard/node_modules/.vite/deps/@trpc_react-query.js?v=d0ef9247:593:27)\n    at Object.useQuery$1 [as useQuery] (http://localhost:3001/@fs/C:/Users/corpa/OneDrive/Desktop/Aventos-cri-dashboard/node_modules/.vite/deps/@trpc_react-query.js?v=d0ef9247:604:21)\n    at http://localhost:3001/@fs/C:/Users/corpa/OneDrive/Desktop/Aventos-cri-dashboard/node_modules/.vite/deps/@trpc_react-query.js?v=d0ef9247:221:26\n    at Object.apply (http://localhost:3001/@fs/C:/Users/corpa/OneDrive/Desktop/Aventos-cri-dashboard/node_modules/.vite/deps/chunk-MD5BUWWK.js?v=d0ef9247:426:14)\n    at useCRIData (http://localhost:3001/src/hooks/useCRIData.ts?t=1778697484334:64:58)\n    at Home (http://localhost:3001/src/pages/Home.tsx?t=1778697484334:126:95)"}
[2026-05-13T18:38:06.498Z] {"timestamp":1778697485349,"level":"ERROR","args":["%o\n\n%s\n\n%s\n",{"type":"Error","message":"observer.getOptimisticResult is not a function","stack":"TypeError: observer.getOptimisticResult is not a function\n    at useBaseQuery (http://localhost:3001/@fs/C:/Users/corpa/OneDrive/Desktop/Aventos-cri-dashboard/node_modules/.vite/deps/chunk-ZCRCZFIC.js?v=d0ef9247:3379:27)\n    at useQuery (http://localhost:3001/@fs/C:/Users/corpa/OneDrive/Desktop/Aventos-cri-dashboard/node_modules/.vite/deps/chunk-ZCRCZFIC.js?v=d0ef9247:3430:10)\n    at Object.useQuery$1 [as useQuery] (http://localhost:3001/@fs/C:/Users/corpa/OneDrive/Desktop/Aventos-cri-dashboard/node_modules/.vite/deps/@trpc_react-query.js?v=d0ef9247:612:18)\n    at http://localhost:3001/@fs/C:/Users/corpa/OneDrive/Desktop/Aventos-cri-dashboard/node_modules/.vite/deps/@trpc_react-query.js?v=d0ef9247:221:26\n    at Object.apply (http://localhost:3001/@fs/C:/Users/corpa/OneDrive/Desktop/Aventos-cri-dashboard/node_modules/.vite/deps/chunk-MD5BUWWK.js?v=d0ef9247:426:14)\n    at useCRIData (http://localhost:3001/src/hooks/useCRIData.ts?t=1778697484334:64:58)\n    at Home (http://localhost:3001/src/pages/Home.tsx?t=1778697484334:126:95)\n    at Object.react_stack_bottom_frame (http://localhost:3001/@fs/C:/Users/corpa/OneDrive/Desktop/Aventos-cri-dashboard/node_modules/.vite/deps/react-dom_client.js?v=d0ef9247:18509:20)\n    at renderWithHooks (http://localhost:3001/@fs/C:/Users/corpa/OneDrive/Desktop/Aventos-cri-dashboard/node_modules/.vite/deps/react-dom_client.js?v=d0ef9247:5654:24)\n    at updateFunctionComponent (http://localhost:3001/@fs/C:/Users/corpa/OneDrive/Desktop/Aventos-cri-dashboard/node_modules/.vite/deps/react-dom_client.js?v=d0ef9247:7475:21)"},"The above error occurred in the <Home> component.","React will try to recreate this component tree from scratch using the error boundary you provided, ErrorBoundary."],"stack":"Error\n    at console.<computed> [as error] (http://localhost:3001/__manus__/debug-collector.js:391:37)\n    at defaultOnCaughtError (http://localhost:3001/@fs/C:/Users/corpa/OneDrive/Desktop/Aventos-cri-dashboard/node_modules/.vite/deps/react-dom_client.js?v=d0ef9247:7001:19)\n    at logCaughtError (http://localhost:3001/@fs/C:/Users/corpa/OneDrive/Desktop/Aventos-cri-dashboard/node_modules/.vite/deps/react-dom_client.js?v=d0ef9247:7033:11)\n    at runWithFiberInDEV (http://localhost:3001/@fs/C:/Users/corpa/OneDrive/Desktop/Aventos-cri-dashboard/node_modules/.vite/deps/react-dom_client.js?v=d0ef9247:997:72)\n    at update.callback (http://localhost:3001/@fs/C:/Users/corpa/OneDrive/Desktop/Aventos-cri-dashboard/node_modules/.vite/deps/react-dom_client.js?v=d0ef9247:7066:13)\n    at callCallback (http://localhost:3001/@fs/C:/Users/corpa/OneDrive/Desktop/Aventos-cri-dashboard/node_modules/.vite/deps/react-dom_client.js?v=d0ef9247:5491:18)\n    at commitCallbacks (http://localhost:3001/@fs/C:/Users/corpa/OneDrive/Desktop/Aventos-cri-dashboard/node_modules/.vite/deps/react-dom_client.js?v=d0ef9247:5503:13)\n    at runWithFiberInDEV (http://localhost:3001/@fs/C:/Users/corpa/OneDrive/Desktop/Aventos-cri-dashboard/node_modules/.vite/deps/react-dom_client.js?v=d0ef9247:997:72)\n    at commitClassCallbacks (http://localhost:3001/@fs/C:/Users/corpa/OneDrive/Desktop/Aventos-cri-dashboard/node_modules/.vite/deps/react-dom_client.js?v=d0ef9247:9490:13)\n    at commitLayoutEffectOnFiber (http://localhost:3001/@fs/C:/Users/corpa/OneDrive/Desktop/Aventos-cri-dashboard/node_modules/.vite/deps/react-dom_client.js?v=d0ef9247:9958:27)"}
[2026-05-13T19:05:04.485Z] {"timestamp":1778699102403,"level":"DEBUG","args":["[Manus] Debug collector initialized (no rrweb, UI events only)"],"stack":null}
[2026-05-13T19:05:04.486Z] {"timestamp":1778699102448,"level":"DEBUG","args":["[vite] connected."],"stack":null}
[2026-05-13T19:05:04.486Z] {"timestamp":1778699102824,"level":"INFO","args":["%cDownload the React DevTools for a better development experience: https://react.dev/link/react-devtools","font-weight:bold"],"stack":null}
[2026-05-13T19:33:30.082Z] {"timestamp":1778700808023,"level":"DEBUG","args":["[Manus] Debug collector initialized (no rrweb, UI events only)"],"stack":null}
[2026-05-13T19:33:30.082Z] {"timestamp":1778700808044,"level":"DEBUG","args":["[vite] connected."],"stack":null}
[2026-05-13T19:33:30.082Z] {"timestamp":1778700808274,"level":"INFO","args":["%cDownload the React DevTools for a better development experience: https://react.dev/link/react-devtools","font-weight:bold"],"stack":null}
[2026-05-13T19:56:34.175Z] {"timestamp":1778702138552,"level":"DEBUG","args":["[vite]","hot updated: /src/index.css"],"stack":null}
[2026-05-13T19:56:34.176Z] {"timestamp":1778702138559,"level":"DEBUG","args":["[vite]","hot updated: /src/pages/Home.tsx"],"stack":null}
[2026-05-13T19:56:34.176Z] {"timestamp":1778702143006,"level":"DEBUG","args":["[vite]","hot updated: /src/index.css"],"stack":null}
[2026-05-13T19:56:34.176Z] {"timestamp":1778702143006,"level":"DEBUG","args":["[vite]","hot updated: /src/pages/Home.tsx"],"stack":null}
[2026-05-13T19:57:34.158Z] {"timestamp":1778702206061,"level":"DEBUG","args":["[vite]","hot updated: /src/pages/Home.tsx"],"stack":null}
[2026-05-13T19:57:34.158Z] {"timestamp":1778702206061,"level":"DEBUG","args":["[vite]","hot updated: /src/index.css"],"stack":null}
[2026-05-13T19:57:34.158Z] {"timestamp":1778702210039,"level":"DEBUG","args":["[vite]","hot updated: /src/pages/Home.tsx"],"stack":null}
[2026-05-13T19:57:34.158Z] {"timestamp":1778702210039,"level":"DEBUG","args":["[vite]","hot updated: /src/index.css"],"stack":null}
[2026-05-13T19:57:34.158Z] {"timestamp":1778702220202,"level":"DEBUG","args":["[vite]","hot updated: /src/pages/Home.tsx"],"stack":null}
[2026-05-13T19:57:34.158Z] {"timestamp":1778702220203,"level":"DEBUG","args":["[vite]","hot updated: /src/index.css"],"stack":null}
[2026-05-13T19:57:34.158Z] {"timestamp":1778702224677,"level":"DEBUG","args":["[vite]","hot updated: /src/pages/Home.tsx"],"stack":null}
[2026-05-13T19:57:34.158Z] {"timestamp":1778702224677,"level":"DEBUG","args":["[vite]","hot updated: /src/index.css"],"stack":null}
[2026-05-13T20:05:38.642Z] {"timestamp":1778702735543,"level":"DEBUG","args":["[Manus] Debug collector initialized (no rrweb, UI events only)"],"stack":null}
[2026-05-13T20:05:38.642Z] {"timestamp":1778702735799,"level":"INFO","args":["%cDownload the React DevTools for a better development experience: https://react.dev/link/react-devtools","font-weight:bold"],"stack":null}
[2026-05-13T20:05:40.113Z] {"timestamp":1778702737932,"level":"ERROR","args":["[vite] failed to connect to websocket.\nyour current setup:\n  (browser) localhost:3000/ <--[HTTP]--> localhost:5173/ (server)\n  (browser) localhost:3000/ <--[WebSocket (failing)]--> localhost:5173/ (server)\nCheck out your Vite / network configuration and https://vite.dev/config/server-options.html#server-hmr ."],"stack":"Error\n    at console.error (http://localhost:3000/__manus__/debug-collector.js:391:37)\n    at Object.connect (http://localhost:3000/@vite/client:765:16)\n    at async Object.connect (http://localhost:3000/@vite/client:381:5)"}
[2026-05-13T20:08:40.797Z] {"timestamp":1778702918756,"level":"DEBUG","args":["[Manus] Debug collector initialized (no rrweb, UI events only)"],"stack":null}
[2026-05-13T20:08:40.797Z] {"timestamp":1778702918788,"level":"DEBUG","args":["[vite] connected."],"stack":null}
[2026-05-13T20:08:40.797Z] {"timestamp":1778702920266,"level":"INFO","args":["%cDownload the React DevTools for a better development experience: https://react.dev/link/react-devtools","font-weight:bold"],"stack":null}
[2026-05-14T13:19:25.763Z] {"timestamp":1778764763627,"level":"DEBUG","args":["[Manus] Debug collector initialized (no rrweb, UI events only)"],"stack":null}
[2026-05-14T13:19:25.764Z] {"timestamp":1778764763646,"level":"DEBUG","args":["[vite] connected."],"stack":null}
[2026-05-14T13:44:38.239Z] {"timestamp":1778766276192,"level":"DEBUG","args":["[Manus] Debug collector initialized (no rrweb, UI events only)"],"stack":null}
[2026-05-14T13:44:38.239Z] {"timestamp":1778766276213,"level":"DEBUG","args":["[vite] connected."],"stack":null}
[2026-05-14T13:45:28.910Z] {"timestamp":1778766314041,"level":"DEBUG","args":["[Manus] Debug collector initialized (no rrweb, UI events only)"],"stack":null}
[2026-05-14T13:45:28.910Z] {"timestamp":1778766314077,"level":"DEBUG","args":["[vite] connected."],"stack":null}
[2026-05-14T13:45:30.662Z] {"timestamp":1778766329315,"level":"INFO","args":["%cDownload the React DevTools for a better development experience: https://react.dev/link/react-devtools","font-weight:bold"],"stack":null}
[2026-05-14T13:45:54.195Z] {"timestamp":1778766352173,"level":"DEBUG","args":["[Manus] Debug collector initialized (no rrweb, UI events only)"],"stack":null}
[2026-05-14T13:45:54.195Z] {"timestamp":1778766352200,"level":"DEBUG","args":["[vite] connected."],"stack":null}
[2026-05-14T13:45:54.195Z] {"timestamp":1778766352377,"level":"INFO","args":["%cDownload the React DevTools for a better development experience: https://react.dev/link/react-devtools","font-weight:bold"],"stack":null}
[2026-05-14T13:53:36.050Z] {"timestamp":1778766808619,"level":"DEBUG","args":["[Manus] Debug collector initialized (no rrweb, UI events only)"],"stack":null}
[2026-05-14T13:53:36.050Z] {"timestamp":1778766808661,"level":"DEBUG","args":["[vite] connected."],"stack":null}
[2026-05-14T13:53:36.705Z] {"timestamp":1778766816345,"level":"INFO","args":["%cDownload the React DevTools for a better development experience: https://react.dev/link/react-devtools","font-weight:bold"],"stack":null}
[2026-05-14T14:13:54.792Z] {"timestamp":1778768032777,"level":"DEBUG","args":["[Manus] Debug collector initialized (no rrweb, UI events only)"],"stack":null}
[2026-05-14T14:13:54.792Z] {"timestamp":1778768032803,"level":"DEBUG","args":["[vite] connected."],"stack":null}
[2026-05-14T14:13:54.792Z] {"timestamp":1778768032898,"level":"INFO","args":["%cDownload the React DevTools for a better development experience: https://react.dev/link/react-devtools","font-weight:bold"],"stack":null}
[2026-05-14T14:34:17.547Z] {"timestamp":1778769216269,"level":"DEBUG","args":["[vite]","hot updated: /@fs/C:/Users/corpa/OneDrive/Desktop/Aventos-cri-dashboard/client/src/index.css"],"stack":null}
[2026-05-14T14:34:17.547Z] {"timestamp":1778769216270,"level":"DEBUG","args":["[vite]","hot updated: /@fs/C:/Users/corpa/OneDrive/Desktop/Aventos-cri-dashboard/client/src/pages/Home.tsx"],"stack":null}
[2026-05-14T14:35:17.574Z] {"timestamp":1778769263457,"level":"LOG","args":["[vite] server connection lost. Polling for restart..."],"stack":null}
[2026-05-14T14:39:47.358Z] {"timestamp":1778769585326,"level":"DEBUG","args":["[Manus] Debug collector initialized (no rrweb, UI events only)"],"stack":null}
[2026-05-14T14:39:47.358Z] {"timestamp":1778769585389,"level":"DEBUG","args":["[vite] connected."],"stack":null}
[2026-05-14T14:39:47.358Z] {"timestamp":1778769586436,"level":"INFO","args":["%cDownload the React DevTools for a better development experience: https://react.dev/link/react-devtools","font-weight:bold"],"stack":null}
[2026-05-14T14:40:09.793Z] {"timestamp":1778769607784,"level":"DEBUG","args":["[Manus] Debug collector initialized (no rrweb, UI events only)"],"stack":null}
[2026-05-14T14:40:09.793Z] {"timestamp":1778769607807,"level":"DEBUG","args":["[vite] connected."],"stack":null}
[2026-05-14T14:40:09.793Z] {"timestamp":1778769608029,"level":"INFO","args":["%cDownload the React DevTools for a better development experience: https://react.dev/link/react-devtools","font-weight:bold"],"stack":null}
[2026-05-14T17:33:54.989Z] {"timestamp":1778771461395,"level":"LOG","args":["[vite] server connection lost. Polling for restart..."],"stack":null}
[2026-05-14T17:47:53.863Z] {"timestamp":1778780871845,"level":"DEBUG","args":["[Manus] Debug collector initialized (no rrweb, UI events only)"],"stack":null}
[2026-05-14T17:47:53.863Z] {"timestamp":1778780871855,"level":"DEBUG","args":["[vite] connected."],"stack":null}
[2026-05-14T17:47:53.863Z] {"timestamp":1778780872009,"level":"INFO","args":["%cDownload the React DevTools for a better development experience: https://react.dev/link/react-devtools","font-weight:bold"],"stack":null}
[2026-05-14T17:56:39.864Z] {"timestamp":1778781398144,"level":"DEBUG","args":["[vite]","hot updated: /@fs/C:/Users/corpa/OneDrive/Desktop/Aventos-cri-dashboard/client/src/index.css"],"stack":null}
[2026-05-14T17:56:39.864Z] {"timestamp":1778781398144,"level":"DEBUG","args":["[vite]","hot updated: /@fs/C:/Users/corpa/OneDrive/Desktop/Aventos-cri-dashboard/client/src/components/OpportunitiesAlert.tsx"],"stack":null}
[2026-05-14T17:56:45.855Z] {"timestamp":1778781405621,"level":"DEBUG","args":["[vite]","hot updated: /@fs/C:/Users/corpa/OneDrive/Desktop/Aventos-cri-dashboard/client/src/index.css"],"stack":null}
[2026-05-14T17:56:45.855Z] {"timestamp":1778781405621,"level":"DEBUG","args":["[vite]","hot updated: /@fs/C:/Users/corpa/OneDrive/Desktop/Aventos-cri-dashboard/client/src/components/GeminiChat.tsx"],"stack":null}
[2026-05-14T18:03:59.101Z] {"timestamp":1778781803046,"level":"DEBUG","args":["[Manus] Debug collector initialized (no rrweb, UI events only)"],"stack":null}
[2026-05-14T18:03:59.102Z] {"timestamp":1778781803069,"level":"DEBUG","args":["[vite] connected."],"stack":null}
[2026-05-14T18:04:01.194Z] {"timestamp":1778781839532,"level":"INFO","args":["%cDownload the React DevTools for a better development experience: https://react.dev/link/react-devtools","font-weight:bold"],"stack":null}
[2026-05-14T18:10:15.338Z] {"timestamp":1778782210916,"level":"LOG","args":["[vite] server connection lost. Polling for restart..."],"stack":null}
[2026-05-14T18:10:19.489Z] {"timestamp":1778782217021,"level":"DEBUG","args":["[Manus] Debug collector initialized (no rrweb, UI events only)"],"stack":null}
[2026-05-14T18:10:19.489Z] {"timestamp":1778782217026,"level":"DEBUG","args":["[vite] connected."],"stack":null}
[2026-05-14T18:10:19.489Z] {"timestamp":1778782217889,"level":"INFO","args":["%cDownload the React DevTools for a better development experience: https://react.dev/link/react-devtools","font-weight:bold"],"stack":null}
[2026-05-14T18:20:31.150Z] {"timestamp":1778782828816,"level":"DEBUG","args":["[Manus] Debug collector initialized (no rrweb, UI events only)"],"stack":null}
[2026-05-14T18:20:31.150Z] {"timestamp":1778782828825,"level":"DEBUG","args":["[vite] connected."],"stack":null}
[2026-05-14T18:20:31.150Z] {"timestamp":1778782829590,"level":"INFO","args":["%cDownload the React DevTools for a better development experience: https://react.dev/link/react-devtools","font-weight:bold"],"stack":null}
[2026-05-14T18:25:28.335Z] {"timestamp":1778783126315,"level":"DEBUG","args":["[Manus] Debug collector initialized (no rrweb, UI events only)"],"stack":null}
[2026-05-14T18:25:28.335Z] {"timestamp":1778783126320,"level":"DEBUG","args":["[vite] connected."],"stack":null}
[2026-05-14T18:25:28.335Z] {"timestamp":1778783127008,"level":"INFO","args":["%cDownload the React DevTools for a better development experience: https://react.dev/link/react-devtools","font-weight:bold"],"stack":null}
[2026-05-14T18:29:28.326Z] {"timestamp":1778783366988,"level":"DEBUG","args":["[vite]","hot updated: /src/index.css"],"stack":null}
[2026-05-14T18:29:28.326Z] {"timestamp":1778783366990,"level":"DEBUG","args":["[vite]","hot updated: /src/pages/Home.tsx"],"stack":null}
[2026-05-14T18:30:23.976Z] {"timestamp":1778783421968,"level":"DEBUG","args":["[Manus] Debug collector initialized (no rrweb, UI events only)"],"stack":null}
[2026-05-14T18:30:23.976Z] {"timestamp":1778783421979,"level":"DEBUG","args":["[vite] connected."],"stack":null}
[2026-05-14T18:30:23.976Z] {"timestamp":1778783422048,"level":"INFO","args":["%cDownload the React DevTools for a better development experience: https://react.dev/link/react-devtools","font-weight:bold"],"stack":null}
[2026-05-14T18:33:43.783Z] {"timestamp":1778783621771,"level":"DEBUG","args":["[Manus] Debug collector initialized (no rrweb, UI events only)"],"stack":null}
[2026-05-14T18:33:43.783Z] {"timestamp":1778783621782,"level":"DEBUG","args":["[vite] connected."],"stack":null}
[2026-05-14T18:33:43.783Z] {"timestamp":1778783621868,"level":"INFO","args":["%cDownload the React DevTools for a better development experience: https://react.dev/link/react-devtools","font-weight:bold"],"stack":null}
[2026-05-14T18:38:35.786Z] {"timestamp":1778783914370,"level":"DEBUG","args":["[vite]","hot updated: /src/pages/Home.tsx"],"stack":null}
[2026-05-14T18:38:35.786Z] {"timestamp":1778783914370,"level":"DEBUG","args":["[vite]","hot updated: /src/index.css"],"stack":null}
[2026-05-14T18:38:45.784Z] {"timestamp":1778783923795,"level":"DEBUG","args":["[vite]","hot updated: /src/pages/Home.tsx"],"stack":null}
[2026-05-14T18:38:45.785Z] {"timestamp":1778783923796,"level":"DEBUG","args":["[vite]","hot updated: /src/index.css"],"stack":null}
[2026-05-14T18:38:57.780Z] {"timestamp":1778783937672,"level":"DEBUG","args":["[vite]","hot updated: /src/pages/Home.tsx"],"stack":null}
[2026-05-14T18:38:57.780Z] {"timestamp":1778783937672,"level":"DEBUG","args":["[vite]","hot updated: /src/index.css"],"stack":null}
[2026-05-14T20:30:57.962Z] {"timestamp":1778790655958,"level":"DEBUG","args":["[Manus] Debug collector initialized (no rrweb, UI events only)"],"stack":null}
[2026-05-14T20:30:57.962Z] {"timestamp":1778790655964,"level":"DEBUG","args":["[vite] connected."],"stack":null}
[2026-05-14T20:30:57.962Z] {"timestamp":1778790656127,"level":"INFO","args":["%cDownload the React DevTools for a better development experience: https://react.dev/link/react-devtools","font-weight:bold"],"stack":null}
[2026-05-15T10:13:49.941Z] {"timestamp":1778793434096,"level":"DEBUG","args":["[Manus] Debug collector initialized (no rrweb, UI events only)"],"stack":null}
[2026-05-15T10:13:49.941Z] {"timestamp":1778793434127,"level":"DEBUG","args":["[vite] connected."],"stack":null}
[2026-05-15T10:13:49.941Z] {"timestamp":1778793434703,"level":"INFO","args":["%cDownload the React DevTools for a better development experience: https://react.dev/link/react-devtools","font-weight:bold"],"stack":null}
[2026-05-15T10:13:49.941Z] {"timestamp":1778793436541,"level":"LOG","args":["[vite] server connection lost. Polling for restart..."],"stack":null}
[2026-05-15T10:13:49.941Z] {"timestamp":1778793436558,"level":"ERROR","args":["[API Query Error]",{"type":"Error","message":"Failed to fetch","stack":"TRPCClientError: Failed to fetch\n    at TRPCClientError2.from (http://localhost:3000/@fs/C:/Users/corpa/OneDrive/Desktop/Aventos-cri-dashboard/node_modules/.vite/deps/chunk-MD5BUWWK.js?v=8109d1eb:2057:12)\n    at http://localhost:3000/@fs/C:/Users/corpa/OneDrive/Desktop/Aventos-cri-dashboard/node_modules/.vite/deps/chunk-MD5BUWWK.js?v=8109d1eb:2459:42"}],"stack":"Error\n    at console.error (http://localhost:3000/__manus__/debug-collector.js:391:37)\n    at http://localhost:3000/src/main.tsx?v=DW7bsou99qOUvbeTHCFLv:23:13\n    at http://localhost:3000/@fs/C:/Users/corpa/OneDrive/Desktop/Aventos-cri-dashboard/node_modules/.vite/deps/chunk-ZCRCZFIC.js?v=8109d1eb:2787:9\n    at Set.forEach (<anonymous>)\n    at http://localhost:3000/@fs/C:/Users/corpa/OneDrive/Desktop/Aventos-cri-dashboard/node_modules/.vite/deps/chunk-ZCRCZFIC.js?v=8109d1eb:2786:22\n    at Object.batch (http://localhost:3000/@fs/C:/Users/corpa/OneDrive/Desktop/Aventos-cri-dashboard/node_modules/.vite/deps/chunk-ZCRCZFIC.js?v=8109d1eb:679:18)\n    at QueryCache.notify (http://localhost:3000/@fs/C:/Users/corpa/OneDrive/Desktop/Aventos-cri-dashboard/node_modules/.vite/deps/chunk-ZCRCZFIC.js?v=8109d1eb:2785:19)\n    at http://localhost:3000/@fs/C:/Users/corpa/OneDrive/Desktop/Aventos-cri-dashboard/node_modules/.vite/deps/chunk-ZCRCZFIC.js?v=8109d1eb:1425:19\n    at Object.batch (http://localhost:3000/@fs/C:/Users/corpa/OneDrive/Desktop/Aventos-cri-dashboard/node_modules/.vite/deps/chunk-ZCRCZFIC.js?v=8109d1eb:679:18)\n    at #dispatch (http://localhost:3000/@fs/C:/Users/corpa/OneDrive/Desktop/Aventos-cri-dashboard/node_modules/.vite/deps/chunk-ZCRCZFIC.js?v=8109d1eb:1421:19)"}
[2026-05-15T10:13:53.657Z] {"timestamp":1778793434065,"level":"DEBUG","args":["[Manus] Debug collector initialized (no rrweb, UI events only)"],"stack":null}
[2026-05-15T10:13:53.657Z] {"timestamp":1778793434097,"level":"DEBUG","args":["[vite] connected."],"stack":null}
[2026-05-15T10:13:53.657Z] {"timestamp":1778793434703,"level":"INFO","args":["%cDownload the React DevTools for a better development experience: https://react.dev/link/react-devtools","font-weight:bold"],"stack":null}
[2026-05-15T10:13:53.657Z] {"timestamp":1778812147094,"level":"LOG","args":["[vite] server connection lost. Polling for restart..."],"stack":null}
[2026-05-15T10:34:53.819Z] {"timestamp":1778841291042,"level":"DEBUG","args":["[Manus] Debug collector initialized (no rrweb, UI events only)"],"stack":null}
[2026-05-15T10:34:53.819Z] {"timestamp":1778841291057,"level":"DEBUG","args":["[vite] connected."],"stack":null}
[2026-05-15T10:34:53.819Z] {"timestamp":1778841291537,"level":"INFO","args":["%cDownload the React DevTools for a better development experience: https://react.dev/link/react-devtools","font-weight:bold"],"stack":null}
[2026-05-15T12:51:13.459Z] {"timestamp":1778849467335,"level":"LOG","args":["[vite] server connection lost. Polling for restart..."],"stack":null}
[2026-05-15T12:51:39.185Z] {"timestamp":1778849496719,"level":"DEBUG","args":["[Manus] Debug collector initialized (no rrweb, UI events only)"],"stack":null}
[2026-05-15T12:51:39.185Z] {"timestamp":1778849496761,"level":"DEBUG","args":["[vite] connected."],"stack":null}
[2026-05-15T12:51:39.185Z] {"timestamp":1778849497397,"level":"INFO","args":["%cDownload the React DevTools for a better development experience: https://react.dev/link/react-devtools","font-weight:bold"],"stack":null}
[2026-05-15T13:34:05.068Z] {"timestamp":1778852026978,"level":"LOG","args":["[vite] server connection lost. Polling for restart..."],"stack":null}
[2026-05-15T13:34:11.851Z] {"timestamp":1778852049713,"level":"DEBUG","args":["[Manus] Debug collector initialized (no rrweb, UI events only)"],"stack":null}
[2026-05-15T13:34:11.851Z] {"timestamp":1778852049746,"level":"DEBUG","args":["[vite] connected."],"stack":null}
[2026-05-15T13:34:11.851Z] {"timestamp":1778852050418,"level":"INFO","args":["%cDownload the React DevTools for a better development experience: https://react.dev/link/react-devtools","font-weight:bold"],"stack":null}
[2026-05-15T13:49:52.639Z] {"timestamp":1778852990827,"level":"LOG","args":["[vite] server connection lost. Polling for restart..."],"stack":null}
[2026-05-15T13:49:59.751Z] {"timestamp":1778852995714,"level":"DEBUG","args":["[Manus] Debug collector initialized (no rrweb, UI events only)"],"stack":null}
[2026-05-15T13:49:59.751Z] {"timestamp":1778852995744,"level":"DEBUG","args":["[vite] connected."],"stack":null}
[2026-05-15T13:49:59.751Z] {"timestamp":1778852996794,"level":"INFO","args":["%cDownload the React DevTools for a better development experience: https://react.dev/link/react-devtools","font-weight:bold"],"stack":null}
[2026-05-15T17:09:42.622Z] {"timestamp":1778864981162,"level":"LOG","args":["[vite] server connection lost. Polling for restart..."],"stack":null}
[2026-05-15T17:09:45.979Z] {"timestamp":1778864982913,"level":"DEBUG","args":["[Manus] Debug collector initialized (no rrweb, UI events only)"],"stack":null}
[2026-05-15T17:09:45.979Z] {"timestamp":1778864982919,"level":"DEBUG","args":["[vite] connected."],"stack":null}
[2026-05-15T17:09:45.979Z] {"timestamp":1778864983140,"level":"INFO","args":["%cDownload the React DevTools for a better development experience: https://react.dev/link/react-devtools","font-weight:bold"],"stack":null}
[2026-05-15T17:44:48.925Z] {"timestamp":1778867087372,"level":"DEBUG","args":["[vite]","hot updated: /src/index.css"],"stack":null}
[2026-05-15T17:44:48.926Z] {"timestamp":1778867087383,"level":"DEBUG","args":["[vite]","hot updated: /src/pages/Home.tsx"],"stack":null}
[2026-05-15T17:44:56.926Z] {"timestamp":1778867096313,"level":"DEBUG","args":["[vite]","hot updated: /src/index.css"],"stack":null}
[2026-05-15T17:44:56.926Z] {"timestamp":1778867096313,"level":"DEBUG","args":["[vite]","hot updated: /src/pages/Home.tsx"],"stack":null}
[2026-05-15T17:46:24.049Z] {"timestamp":1778867175112,"level":"LOG","args":["[vite] server connection lost. Polling for restart..."],"stack":null}
[2026-05-15T17:46:55.632Z] {"timestamp":1778867212698,"level":"DEBUG","args":["[Manus] Debug collector initialized (no rrweb, UI events only)"],"stack":null}
[2026-05-15T17:46:55.632Z] {"timestamp":1778867212727,"level":"DEBUG","args":["[vite] connected."],"stack":null}
[2026-05-15T17:46:55.632Z] {"timestamp":1778867214510,"level":"INFO","args":["%cDownload the React DevTools for a better development experience: https://react.dev/link/react-devtools","font-weight:bold"],"stack":null}
[2026-05-15T17:51:18.713Z] {"timestamp":1778867477147,"level":"DEBUG","args":["[vite]","hot updated: /src/index.css"],"stack":null}
[2026-05-15T17:51:18.713Z] {"timestamp":1778867477148,"level":"DEBUG","args":["[vite]","hot updated: /src/pages/Home.tsx"],"stack":null}
[2026-05-15T17:51:30.716Z] {"timestamp":1778867490322,"level":"DEBUG","args":["[vite]","hot updated: /src/pages/Home.tsx"],"stack":null}
[2026-05-15T17:51:30.716Z] {"timestamp":1778867490322,"level":"DEBUG","args":["[vite]","hot updated: /src/index.css"],"stack":null}
[2026-05-15T17:57:33.288Z] {"timestamp":1778867851279,"level":"DEBUG","args":["[Manus] Debug collector initialized (no rrweb, UI events only)"],"stack":null}
[2026-05-15T17:57:33.288Z] {"timestamp":1778867851292,"level":"DEBUG","args":["[vite] connected."],"stack":null}
[2026-05-15T17:57:33.289Z] {"timestamp":1778867851386,"level":"INFO","args":["%cDownload the React DevTools for a better development experience: https://react.dev/link/react-devtools","font-weight:bold"],"stack":null}
[2026-05-15T18:05:20.367Z] {"timestamp":1778868318354,"level":"DEBUG","args":["[Manus] Debug collector initialized (no rrweb, UI events only)"],"stack":null}
[2026-05-15T18:05:20.367Z] {"timestamp":1778868318370,"level":"DEBUG","args":["[vite] connected."],"stack":null}
[2026-05-15T18:05:20.367Z] {"timestamp":1778868318467,"level":"INFO","args":["%cDownload the React DevTools for a better development experience: https://react.dev/link/react-devtools","font-weight:bold"],"stack":null}
[2026-05-15T18:07:10.752Z] {"timestamp":1778868407488,"level":"DEBUG","args":["[vite]","hot updated: /src/index.css"],"stack":null}
[2026-05-15T18:07:10.752Z] {"timestamp":1778868407489,"level":"DEBUG","args":["[vite]","hot updated: /src/pages/Home.tsx"],"stack":null}
[2026-05-15T18:07:10.752Z] {"timestamp":1778868417285,"level":"DEBUG","args":["[vite]","hot updated: /src/pages/Home.tsx"],"stack":null}
[2026-05-15T18:07:10.752Z] {"timestamp":1778868417285,"level":"DEBUG","args":["[vite]","hot updated: /src/index.css"],"stack":null}
[2026-05-15T18:08:10.745Z] {"timestamp":1778868432284,"level":"DEBUG","args":["[vite]","hot updated: /src/pages/Home.tsx"],"stack":null}
[2026-05-15T18:08:10.745Z] {"timestamp":1778868432285,"level":"DEBUG","args":["[vite]","hot updated: /src/index.css"],"stack":null}
[2026-05-15T18:23:10.767Z] {"timestamp":1778869354788,"level":"DEBUG","args":["[vite]","hot updated: /src/pages/Home.tsx"],"stack":null}
[2026-05-15T18:23:10.767Z] {"timestamp":1778869354789,"level":"DEBUG","args":["[vite]","hot updated: /src/index.css"],"stack":null}
[2026-05-15T18:30:15.204Z] {"timestamp":1778869813178,"level":"DEBUG","args":["[Manus] Debug collector initialized (no rrweb, UI events only)"],"stack":null}
[2026-05-15T18:30:15.204Z] {"timestamp":1778869813194,"level":"DEBUG","args":["[vite] connected."],"stack":null}
[2026-05-15T18:30:15.204Z] {"timestamp":1778869813289,"level":"INFO","args":["%cDownload the React DevTools for a better development experience: https://react.dev/link/react-devtools","font-weight:bold"],"stack":null}
[2026-05-15T18:31:29.758Z] {"timestamp":1778869889254,"level":"DEBUG","args":["[vite]","hot updated: /src/pages/Home.tsx"],"stack":null}
[2026-05-15T18:31:29.758Z] {"timestamp":1778869889254,"level":"DEBUG","args":["[vite]","hot updated: /src/index.css"],"stack":null}
[2026-05-15T18:41:10.752Z] {"timestamp":1778870432682,"level":"DEBUG","args":["[vite]","hot updated: /src/index.css"],"stack":null}
[2026-05-15T18:41:10.752Z] {"timestamp":1778870432682,"level":"DEBUG","args":["[vite]","hot updated: /src/components/OpportunitiesAlert.tsx"],"stack":null}
[2026-05-15T18:41:10.752Z] {"timestamp":1778870438939,"level":"DEBUG","args":["[vite]","hot updated: /src/index.css"],"stack":null}
[2026-05-15T18:41:10.752Z] {"timestamp":1778870438939,"level":"DEBUG","args":["[vite]","hot updated: /src/components/OpportunitiesAlert.tsx"],"stack":null}
[2026-05-15T18:41:10.752Z] {"timestamp":1778870446769,"level":"DEBUG","args":["[vite]","hot updated: /src/index.css"],"stack":null}
[2026-05-15T18:41:10.752Z] {"timestamp":1778870446769,"level":"DEBUG","args":["[vite]","hot updated: /src/components/OpportunitiesAlert.tsx"],"stack":null}
[2026-05-15T18:41:10.752Z] {"timestamp":1778870455826,"level":"DEBUG","args":["[vite]","hot updated: /src/index.css"],"stack":null}
[2026-05-15T18:41:10.752Z] {"timestamp":1778870455826,"level":"DEBUG","args":["[vite]","hot updated: /src/components/OpportunitiesAlert.tsx"],"stack":null}
[2026-05-15T18:42:20.378Z] {"timestamp":1778870538364,"level":"DEBUG","args":["[Manus] Debug collector initialized (no rrweb, UI events only)"],"stack":null}
[2026-05-15T18:42:20.378Z] {"timestamp":1778870538385,"level":"DEBUG","args":["[vite] connected."],"stack":null}
[2026-05-15T18:42:20.378Z] {"timestamp":1778870538517,"level":"INFO","args":["%cDownload the React DevTools for a better development experience: https://react.dev/link/react-devtools","font-weight:bold"],"stack":null}
[2026-05-15T18:47:27.145Z] {"timestamp":1778870845135,"level":"DEBUG","args":["[Manus] Debug collector initialized (no rrweb, UI events only)"],"stack":null}
[2026-05-15T18:47:27.145Z] {"timestamp":1778870845148,"level":"DEBUG","args":["[vite] connected."],"stack":null}
[2026-05-15T18:47:27.145Z] {"timestamp":1778870845272,"level":"INFO","args":["%cDownload the React DevTools for a better development experience: https://react.dev/link/react-devtools","font-weight:bold"],"stack":null}
[2026-05-15T18:47:52.335Z] {"timestamp":1778870870317,"level":"DEBUG","args":["[Manus] Debug collector initialized (no rrweb, UI events only)"],"stack":null}
[2026-05-15T18:47:52.335Z] {"timestamp":1778870870339,"level":"DEBUG","args":["[vite] connected."],"stack":null}
[2026-05-15T18:47:52.335Z] {"timestamp":1778870870413,"level":"INFO","args":["%cDownload the React DevTools for a better development experience: https://react.dev/link/react-devtools","font-weight:bold"],"stack":null}
[2026-05-15T18:47:57.670Z] {"timestamp":1778870875654,"level":"DEBUG","args":["[Manus] Debug collector initialized (no rrweb, UI events only)"],"stack":null}
[2026-05-15T18:47:57.670Z] {"timestamp":1778870875662,"level":"DEBUG","args":["[vite] connected."],"stack":null}
[2026-05-15T18:47:57.670Z] {"timestamp":1778870875687,"level":"INFO","args":["%cDownload the React DevTools for a better development experience: https://react.dev/link/react-devtools","font-weight:bold"],"stack":null}
[2026-05-15T20:11:17.219Z] {"timestamp":1778875875204,"level":"DEBUG","args":["[Manus] Debug collector initialized (no rrweb, UI events only)"],"stack":null}
[2026-05-15T20:11:17.219Z] {"timestamp":1778875875212,"level":"DEBUG","args":["[vite] connected."],"stack":null}
[2026-05-15T20:11:17.219Z] {"timestamp":1778875875396,"level":"INFO","args":["%cDownload the React DevTools for a better development experience: https://react.dev/link/react-devtools","font-weight:bold"],"stack":null}
[2026-05-15T20:13:11.214Z] {"timestamp":1778875990813,"level":"DEBUG","args":["[vite]","hot updated: /src/index.css"],"stack":null}
[2026-05-15T20:13:11.214Z] {"timestamp":1778875990813,"level":"DEBUG","args":["[vite]","hot updated: /src/components/OpportunitiesAlert.tsx"],"stack":null}
[2026-05-15T20:16:10.013Z] {"timestamp":1778876168373,"level":"DEBUG","args":["[vite]","hot updated: /src/index.css"],"stack":null}
[2026-05-15T20:16:10.013Z] {"timestamp":1778876168374,"level":"DEBUG","args":["[vite]","hot updated: /src/components/OpportunitiesAlert.tsx"],"stack":null}
[2026-05-15T20:16:14.002Z] {"timestamp":1778876173573,"level":"DEBUG","args":["[vite]","hot updated: /src/index.css"],"stack":null}
[2026-05-15T20:16:14.002Z] {"timestamp":1778876173573,"level":"DEBUG","args":["[vite]","hot updated: /src/components/OpportunitiesAlert.tsx"],"stack":null}
[2026-05-15T20:18:04.117Z] {"timestamp":1778876282103,"level":"DEBUG","args":["[Manus] Debug collector initialized (no rrweb, UI events only)"],"stack":null}
[2026-05-15T20:18:04.117Z] {"timestamp":1778876282116,"level":"DEBUG","args":["[vite] connected."],"stack":null}
[2026-05-15T20:18:04.117Z] {"timestamp":1778876282220,"level":"INFO","args":["%cDownload the React DevTools for a better development experience: https://react.dev/link/react-devtools","font-weight:bold"],"stack":null}
[2026-05-15T20:18:59.252Z] {"timestamp":1778876337235,"level":"DEBUG","args":["[Manus] Debug collector initialized (no rrweb, UI events only)"],"stack":null}
[2026-05-15T20:18:59.252Z] {"timestamp":1778876337250,"level":"DEBUG","args":["[vite] connected."],"stack":null}
[2026-05-15T20:18:59.252Z] {"timestamp":1778876337325,"level":"INFO","args":["%cDownload the React DevTools for a better development experience: https://react.dev/link/react-devtools","font-weight:bold"],"stack":null}
[2026-05-15T20:23:39.265Z] {"timestamp":1778876618756,"level":"DEBUG","args":["[vite]","hot updated: /src/index.css"],"stack":null}
[2026-05-15T20:23:39.265Z] {"timestamp":1778876618757,"level":"DEBUG","args":["[vite]","hot updated: /src/components/GeminiChat.tsx"],"stack":null}
[2026-05-15T20:31:17.075Z] {"timestamp":1778877075016,"level":"DEBUG","args":["[Manus] Debug collector initialized (no rrweb, UI events only)"],"stack":null}
[2026-05-15T20:31:17.075Z] {"timestamp":1778877075039,"level":"DEBUG","args":["[vite] connected."],"stack":null}
[2026-05-15T20:32:19.025Z] {"timestamp":1778877137445,"level":"INFO","args":["%cDownload the React DevTools for a better development experience: https://react.dev/link/react-devtools","font-weight:bold"],"stack":null}
[2026-05-15T20:39:11.083Z] {"timestamp":1778877536184,"level":"DEBUG","args":["[vite]","hot updated: /src/index.css"],"stack":null}
[2026-05-15T20:39:11.083Z] {"timestamp":1778877536185,"level":"DEBUG","args":["[vite]","hot updated: /src/components/GeminiChat.tsx"],"stack":null}
[2026-05-15T20:41:53.928Z] {"timestamp":1778877711915,"level":"DEBUG","args":["[Manus] Debug collector initialized (no rrweb, UI events only)"],"stack":null}
[2026-05-15T20:41:53.928Z] {"timestamp":1778877711927,"level":"DEBUG","args":["[vite] connected."],"stack":null}
[2026-05-15T20:41:53.928Z] {"timestamp":1778877712056,"level":"INFO","args":["%cDownload the React DevTools for a better development experience: https://react.dev/link/react-devtools","font-weight:bold"],"stack":null}
[2026-05-15T20:46:03.936Z] {"timestamp":1778877963678,"level":"DEBUG","args":["[vite]","hot updated: /src/index.css"],"stack":null}
[2026-05-15T20:46:03.937Z] {"timestamp":1778877963679,"level":"DEBUG","args":["[vite]","hot updated: /src/components/GeminiChat.tsx"],"stack":null}
[2026-05-15T20:47:07.941Z] {"timestamp":1778878026075,"level":"DEBUG","args":["[vite]","hot updated: /src/index.css"],"stack":null}
[2026-05-15T20:47:07.942Z] {"timestamp":1778878026076,"level":"DEBUG","args":["[vite]","hot updated: /src/components/GeminiChat.tsx"],"stack":null}
[2026-05-15T20:50:25.945Z] {"timestamp":1778878225306,"level":"DEBUG","args":["[vite]","hot updated: /src/index.css"],"stack":null}
[2026-05-15T20:50:25.945Z] {"timestamp":1778878225306,"level":"DEBUG","args":["[vite]","hot updated: /src/components/GeminiChat.tsx"],"stack":null}
[2026-05-15T20:50:53.948Z] {"timestamp":1778878252089,"level":"DEBUG","args":["[vite]","hot updated: /src/pages/Home.tsx"],"stack":null}
[2026-05-15T20:50:53.948Z] {"timestamp":1778878252089,"level":"DEBUG","args":["[vite]","hot updated: /src/index.css"],"stack":null}
[2026-05-15T20:51:24.072Z] {"timestamp":1778878282060,"level":"DEBUG","args":["[Manus] Debug collector initialized (no rrweb, UI events only)"],"stack":null}
[2026-05-15T20:51:24.072Z] {"timestamp":1778878282069,"level":"DEBUG","args":["[vite] connected."],"stack":null}
[2026-05-15T20:51:24.072Z] {"timestamp":1778878282142,"level":"INFO","args":["%cDownload the React DevTools for a better development experience: https://react.dev/link/react-devtools","font-weight:bold"],"stack":null}
[2026-05-15T21:00:11.153Z] {"timestamp":1778878773551,"level":"DEBUG","args":["[vite]","hot updated: /src/pages/Home.tsx"],"stack":null}
[2026-05-15T21:00:11.153Z] {"timestamp":1778878773554,"level":"DEBUG","args":["[vite]","hot updated: /src/index.css"],"stack":null}
[2026-05-15T21:02:08.148Z] {"timestamp":1778878925505,"level":"DEBUG","args":["[Manus] Debug collector initialized (no rrweb, UI events only)"],"stack":null}
[2026-05-15T21:02:08.148Z] {"timestamp":1778878925531,"level":"DEBUG","args":["[vite] connected."],"stack":null}
[2026-05-15T21:02:08.148Z] {"timestamp":1778878926454,"level":"INFO","args":["%cDownload the React DevTools for a better development experience: https://react.dev/link/react-devtools","font-weight:bold"],"stack":null}
[2026-05-15T21:03:28.152Z] {"timestamp":1778879005152,"level":"DEBUG","args":["[Manus] Debug collector initialized (no rrweb, UI events only)"],"stack":null}
[2026-05-15T21:03:28.152Z] {"timestamp":1778879005171,"level":"DEBUG","args":["[vite] connected."],"stack":null}
[2026-05-15T21:03:28.152Z] {"timestamp":1778879005863,"level":"INFO","args":["%cDownload the React DevTools for a better development experience: https://react.dev/link/react-devtools","font-weight:bold"],"stack":null}
[2026-05-15T21:04:04.158Z] {"timestamp":1778879042138,"level":"DEBUG","args":["[Manus] Debug collector initialized (no rrweb, UI events only)"],"stack":null}
[2026-05-15T21:04:04.158Z] {"timestamp":1778879042148,"level":"DEBUG","args":["[vite] connected."],"stack":null}
[2026-05-15T21:04:04.158Z] {"timestamp":1778879042196,"level":"INFO","args":["%cDownload the React DevTools for a better development experience: https://react.dev/link/react-devtools","font-weight:bold"],"stack":null}
[2026-05-15T21:05:49.429Z] {"timestamp":1778879147409,"level":"DEBUG","args":["[Manus] Debug collector initialized (no rrweb, UI events only)"],"stack":null}
[2026-05-15T21:05:49.429Z] {"timestamp":1778879147421,"level":"DEBUG","args":["[vite] connected."],"stack":null}
[2026-05-15T21:05:49.429Z] {"timestamp":1778879147485,"level":"INFO","args":["%cDownload the React DevTools for a better development experience: https://react.dev/link/react-devtools","font-weight:bold"],"stack":null}
[2026-05-15T21:06:11.566Z] {"timestamp":1778879169548,"level":"DEBUG","args":["[Manus] Debug collector initialized (no rrweb, UI events only)"],"stack":null}
[2026-05-15T21:06:11.566Z] {"timestamp":1778879169560,"level":"DEBUG","args":["[vite] connected."],"stack":null}
[2026-05-15T21:06:11.566Z] {"timestamp":1778879169624,"level":"INFO","args":["%cDownload the React DevTools for a better development experience: https://react.dev/link/react-devtools","font-weight:bold"],"stack":null}
[2026-05-15T21:12:55.622Z] {"timestamp":1778879461461,"level":"LOG","args":["[vite] server connection lost. Polling for restart..."],"stack":null}
[2026-05-15T21:12:55.622Z] {"timestamp":1778879499927,"level":"ERROR","args":["[API Query Error]",{"type":"Error","message":"Failed to fetch","stack":"TRPCClientError: Failed to fetch\n    at TRPCClientError2.from (http://localhost:3000/@fs/C:/Users/corpa/OneDrive/Desktop/Aventos-cri-dashboard/node_modules/.vite/deps/chunk-MD5BUWWK.js?v=a591ccbe:2057:12)\n    at http://localhost:3000/@fs/C:/Users/corpa/OneDrive/Desktop/Aventos-cri-dashboard/node_modules/.vite/deps/chunk-MD5BUWWK.js?v=a591ccbe:2459:42"}],"stack":"Error\n    at console.error (http://localhost:3000/__manus__/debug-collector.js:391:37)\n    at http://localhost:3000/src/main.tsx?v=pKhZO2mWJ5KlzvQxpPiX0:23:13\n    at http://localhost:3000/@fs/C:/Users/corpa/OneDrive/Desktop/Aventos-cri-dashboard/node_modules/.vite/deps/chunk-ZCRCZFIC.js?v=a591ccbe:2787:9\n    at Set.forEach (<anonymous>)\n    at http://localhost:3000/@fs/C:/Users/corpa/OneDrive/Desktop/Aventos-cri-dashboard/node_modules/.vite/deps/chunk-ZCRCZFIC.js?v=a591ccbe:2786:22\n    at Object.batch (http://localhost:3000/@fs/C:/Users/corpa/OneDrive/Desktop/Aventos-cri-dashboard/node_modules/.vite/deps/chunk-ZCRCZFIC.js?v=a591ccbe:679:18)\n    at QueryCache.notify (http://localhost:3000/@fs/C:/Users/corpa/OneDrive/Desktop/Aventos-cri-dashboard/node_modules/.vite/deps/chunk-ZCRCZFIC.js?v=a591ccbe:2785:19)\n    at http://localhost:3000/@fs/C:/Users/corpa/OneDrive/Desktop/Aventos-cri-dashboard/node_modules/.vite/deps/chunk-ZCRCZFIC.js?v=a591ccbe:1425:19\n    at Object.batch (http://localhost:3000/@fs/C:/Users/corpa/OneDrive/Desktop/Aventos-cri-dashboard/node_modules/.vite/deps/chunk-ZCRCZFIC.js?v=a591ccbe:679:18)\n    at #dispatch (http://localhost:3000/@fs/C:/Users/corpa/OneDrive/Desktop/Aventos-cri-dashboard/node_modules/.vite/deps/chunk-ZCRCZFIC.js?v=a591ccbe:1421:19)"}
[2026-05-15T21:12:55.622Z] {"timestamp":1778879573890,"level":"ERROR","args":["[API Query Error]",{"type":"Error","message":"Failed to fetch","stack":"TRPCClientError: Failed to fetch\n    at TRPCClientError2.from (http://localhost:3000/@fs/C:/Users/corpa/OneDrive/Desktop/Aventos-cri-dashboard/node_modules/.vite/deps/chunk-MD5BUWWK.js?v=a591ccbe:2057:12)\n    at http://localhost:3000/@fs/C:/Users/corpa/OneDrive/Desktop/Aventos-cri-dashboard/node_modules/.vite/deps/chunk-MD5BUWWK.js?v=a591ccbe:2459:42"}],"stack":"Error\n    at console.error (http://localhost:3000/__manus__/debug-collector.js:391:37)\n    at http://localhost:3000/src/main.tsx?v=pKhZO2mWJ5KlzvQxpPiX0:23:13\n    at http://localhost:3000/@fs/C:/Users/corpa/OneDrive/Desktop/Aventos-cri-dashboard/node_modules/.vite/deps/chunk-ZCRCZFIC.js?v=a591ccbe:2787:9\n    at Set.forEach (<anonymous>)\n    at http://localhost:3000/@fs/C:/Users/corpa/OneDrive/Desktop/Aventos-cri-dashboard/node_modules/.vite/deps/chunk-ZCRCZFIC.js?v=a591ccbe:2786:22\n    at Object.batch (http://localhost:3000/@fs/C:/Users/corpa/OneDrive/Desktop/Aventos-cri-dashboard/node_modules/.vite/deps/chunk-ZCRCZFIC.js?v=a591ccbe:679:18)\n    at QueryCache.notify (http://localhost:3000/@fs/C:/Users/corpa/OneDrive/Desktop/Aventos-cri-dashboard/node_modules/.vite/deps/chunk-ZCRCZFIC.js?v=a591ccbe:2785:19)\n    at http://localhost:3000/@fs/C:/Users/corpa/OneDrive/Desktop/Aventos-cri-dashboard/node_modules/.vite/deps/chunk-ZCRCZFIC.js?v=a591ccbe:1425:19\n    at Object.batch (http://localhost:3000/@fs/C:/Users/corpa/OneDrive/Desktop/Aventos-cri-dashboard/node_modules/.vite/deps/chunk-ZCRCZFIC.js?v=a591ccbe:679:18)\n    at #dispatch (http://localhost:3000/@fs/C:/Users/corpa/OneDrive/Desktop/Aventos-cri-dashboard/node_modules/.vite/deps/chunk-ZCRCZFIC.js?v=a591ccbe:1421:19)"}
[2026-05-15T21:13:00.774Z] {"timestamp":1778879578765,"level":"DEBUG","args":["[Manus] Debug collector initialized (no rrweb, UI events only)"],"stack":null}
[2026-05-15T21:13:00.774Z] {"timestamp":1778879579255,"level":"DEBUG","args":["[vite] connected."],"stack":null}
[2026-05-15T21:13:00.774Z] {"timestamp":1778879579973,"level":"INFO","args":["%cDownload the React DevTools for a better development experience: https://react.dev/link/react-devtools","font-weight:bold"],"stack":null}
[2026-05-15T21:19:36.988Z] {"timestamp":1778879974977,"level":"DEBUG","args":["[Manus] Debug collector initialized (no rrweb, UI events only)"],"stack":null}
[2026-05-15T21:19:36.988Z] {"timestamp":1778879974993,"level":"DEBUG","args":["[vite] connected."],"stack":null}
[2026-05-15T21:19:36.988Z] {"timestamp":1778879975081,"level":"INFO","args":["%cDownload the React DevTools for a better development experience: https://react.dev/link/react-devtools","font-weight:bold"],"stack":null}
[2026-05-18T12:56:52.038Z] {"timestamp":1779109009197,"level":"DEBUG","args":["[Manus] Debug collector initialized (no rrweb, UI events only)"],"stack":null}
[2026-05-18T12:56:52.038Z] {"timestamp":1779109009295,"level":"DEBUG","args":["[vite] connected."],"stack":null}
[2026-05-18T12:56:52.038Z] {"timestamp":1779109010278,"level":"INFO","args":["%cDownload the React DevTools for a better development experience: https://react.dev/link/react-devtools","font-weight:bold"],"stack":null}
[2026-05-18T13:01:03.908Z] {"timestamp":1779109200413,"level":"LOG","args":["[vite] server connection lost. Polling for restart..."],"stack":null}
[2026-05-18T13:06:03.698Z] {"timestamp":1779109561679,"level":"DEBUG","args":["[Manus] Debug collector initialized (no rrweb, UI events only)"],"stack":null}
[2026-05-18T13:06:03.698Z] {"timestamp":1779109561684,"level":"DEBUG","args":["[vite] connected."],"stack":null}
[2026-05-18T13:06:03.698Z] {"timestamp":1779109562758,"level":"INFO","args":["%cDownload the React DevTools for a better development experience: https://react.dev/link/react-devtools","font-weight:bold"],"stack":null}
[2026-05-18T13:06:28.673Z] {"timestamp":1779109586660,"level":"DEBUG","args":["[Manus] Debug collector initialized (no rrweb, UI events only)"],"stack":null}
[2026-05-18T13:06:28.673Z] {"timestamp":1779109586674,"level":"DEBUG","args":["[vite] connected."],"stack":null}
[2026-05-18T13:06:28.673Z] {"timestamp":1779109586732,"level":"INFO","args":["%cDownload the React DevTools for a better development experience: https://react.dev/link/react-devtools","font-weight:bold"],"stack":null}
[2026-05-18T13:08:05.646Z] {"timestamp":1779109683643,"level":"DEBUG","args":["[Manus] Debug collector initialized (no rrweb, UI events only)"],"stack":null}
[2026-05-18T13:08:05.646Z] {"timestamp":1779109683652,"level":"DEBUG","args":["[vite] connected."],"stack":null}
[2026-05-18T13:08:05.646Z] {"timestamp":1779109683709,"level":"INFO","args":["%cDownload the React DevTools for a better development experience: https://react.dev/link/react-devtools","font-weight:bold"],"stack":null}
[2026-05-18T16:56:23.170Z] {"timestamp":1779123382883,"level":"LOG","args":["[vite] server connection lost. Polling for restart..."],"stack":null}
[2026-05-18T16:56:28.481Z] {"timestamp":1779123384489,"level":"DEBUG","args":["[Manus] Debug collector initialized (no rrweb, UI events only)"],"stack":null}
[2026-05-18T16:56:28.481Z] {"timestamp":1779123384523,"level":"DEBUG","args":["[vite] connected."],"stack":null}
[2026-05-18T16:56:28.481Z] {"timestamp":1779123384740,"level":"INFO","args":["%cDownload the React DevTools for a better development experience: https://react.dev/link/react-devtools","font-weight:bold"],"stack":null}
